============================================================================
| ACPYPE: AnteChamber PYthon Parser interfacE v. 2023.10.27 (c) 2025 AWSdS |
============================================================================
DEBUG: CLI: -i ../Input_files/test_cdk4_abemaciclib/abemaciclib_CDK4_gmx.pdb.sdf
DEBUG: Python Version 3.12.12 | packaged by conda-forge | (main, Oct 22 2025, 23:25:55) [GCC 14.3.0]
DEBUG: Max execution time tolerance is 3h
DEBUG: /mnt/netapp2/Store_uni/home/usc/cq/asg/conda_python_envs/py_envs/acpype/bin/antechamber -dr no -i abemaciclib_CDK4_gmx.pdb.sdf -fi sdf -o tmp -fo ac -pf y
DEBUG: Info: The atom type is set to gaff; the options available to the -at flag are
 gaff, gaff2, amber, bcc, abcg2, and sybyl.

Warning: The assigned bond types may be wrong, please :
(1) double check the structure (the connectivity) and/or 
(2) adjust atom valence penalty parameters in APS.DAT, and/or 
(3) increase PSCUTOFF in define.h and recompile bondtype.c
 (be cautious, using a large value of PSCUTOFF (>100) will 
 significantly increase the computation time).

DEBUG: setResNameCheckCoords done
WARNING: no charge value given, trying to guess one...
DEBUG: /mnt/netapp2/Store_uni/home/usc/cq/asg/conda_python_envs/py_envs/acpype/bin/antechamber -dr no -i abemaciclib_CDK4_gmx.pdb.sdf -fi sdf -o tmp -fo mol2 -c gas -pf n
DEBUG: /mnt/netapp2/Store_uni/home/usc/cq/asg/conda_python_envs/py_envs/acpype/bin/antechamber -dr no -i tmp -fi mol2 -o tmp -fo mol2 -c wc -cf tmp.crg -pf n
DEBUG: ++++++++++start_quote+++++++++++++++++++++++++++++++++++++++++++++++++++++++++++
DEBUG: Info: The atom type is set to gaff; the options available to the -at flag are
 gaff, gaff2, amber, bcc, abcg2, and sybyl.

Warning: The assigned bond types may be wrong, please :
(1) double check the structure (the connectivity) and/or 
(2) adjust atom valence penalty parameters in APS.DAT, and/or 
(3) increase PSCUTOFF in define.h and recompile bondtype.c
 (be cautious, using a large value of PSCUTOFF (>100) will 
 significantly increase the computation time).

DEBUG: ++++++++++end_quote+++++++++++++++++++++++++++++++++++++++++++++++++++++++++++++
DEBUG: readMol2TotalCharge: -2.000000000032358e-06
DEBUG: Net charge drift '0.000002'
==> ... charge set to 0
==> Executing Antechamber...
DEBUG: /mnt/netapp2/Store_uni/home/usc/cq/asg/conda_python_envs/py_envs/acpype/bin/antechamber -dr no -i abemaciclib_CDK4_gmx.pdb.sdf -fi sdf -o abemaciclib_CDK4_gmx.pdb_bcc_gaff2.mol2 -fo mol2 -c bcc -nc 0 -m 1 -s 2 -df 2 -at gaff2 -pf n 
DEBUG: No file left to be removed
ERROR: ++++++++++start_quote+++++++++++++++++++++++++++++++++++++++++++++++++++++++++++
ERROR: Info: The atom type is set to gaff2; the options available to the -at flag are
 gaff, gaff2, amber, bcc, abcg2, and sybyl.

Info: Determining atomic numbers from atomic symbols which are case sensitive.
Running: /mnt/netapp2/Store_uni/home/usc/cq/asg/conda_python_envs/py_envs/acpype/bin/bondtype -j full -i ANTECHAMBER_BOND_TYPE.AC0 -o ANTECHAMBER_BOND_TYPE.AC -f ac
Warning: The assigned bond types may be wrong, please :
(1) double check the structure (the connectivity) and/or 
(2) adjust atom valence penalty parameters in APS.DAT, and/or 
(3) increase PSCUTOFF in define.h and recompile bondtype.c
 (be cautious, using a large value of PSCUTOFF (>100) will 
 significantly increase the computation time).

Running: /mnt/netapp2/Store_uni/home/usc/cq/asg/conda_python_envs/py_envs/acpype/bin/atomtype -i ANTECHAMBER_AC.AC0 -o ANTECHAMBER_AC.AC -p gaff2
Info: Total number of electrons: 237; net charge: 0
Info: The number of electrons is odd (237).
 Please check the total charge (-nc flag) and spin multiplicity (-m flag).

Running: /mnt/netapp2/Store_uni/home/usc/cq/asg/conda_python_envs/py_envs/acpype/bin/sqm -O -i sqm.in -o sqm.out
/mnt/netapp2/Store_uni/home/usc/cq/asg/conda_python_envs/py_envs/acpype/bin/wrapped_progs/antechamber: Fatal Error!
Cannot properly run "/mnt/netapp2/Store_uni/home/usc/cq/asg/conda_python_envs/py_envs/acpype/bin/sqm -O -i sqm.in -o sqm.out".

ERROR: ++++++++++end_quote+++++++++++++++++++++++++++++++++++++++++++++++++++++++++++++
ERROR: Antechamber failed
DEBUG: /mnt/netapp2/Store_uni/home/usc/cq/asg/conda_python_envs/py_envs/acpype/bin/parmchk2 -i abemaciclib_CDK4_gmx.pdb_bcc_gaff2.mol2 -f mol2 -o abemaciclib_CDK4_gmx.pdb_AC.frcmod -s 2
ERROR: ++++++++++start_quote+++++++++++++++++++++++++++++++++++++++++++++++++++++++++++
ERROR: Cannot open file (abemaciclib_CDK4_gmx.pdb_bcc_gaff2.mol2) with mode (r).
No such file or directory
ERROR: ++++++++++end_quote+++++++++++++++++++++++++++++++++++++++++++++++++++++++++++++
ERROR: Parmchk failed
ERROR: Tleap failed
==> Removing temporary files...
ERROR: ACPYPE FAILED: [Errno 2] No such file or directory: 'abemaciclib_CDK4_gmx.pdb_AC.prmtop'
Traceback (most recent call last):
  File "/mnt/netapp2/Store_uni/home/usc/cq/asg/conda_python_envs/py_envs/acpype/lib/python3.12/site-packages/acpype/cli.py", line 138, in init_main
    molecule.createMolTopol()
  File "/mnt/netapp2/Store_uni/home/usc/cq/asg/conda_python_envs/py_envs/acpype/lib/python3.12/site-packages/acpype/topol.py", line 1115, in createMolTopol
    self.topFileData = open(self.acTopFileName).readlines()
                       ^^^^^^^^^^^^^^^^^^^^^^^^
FileNotFoundError: [Errno 2] No such file or directory: 'abemaciclib_CDK4_gmx.pdb_AC.prmtop'
Total time of execution: 1s
DEBUG: No tmp folder left to be removed
