AutoDock Vina 52ec525-mod
#################################################################
# If you used AutoDock Vina in your work, please cite:          #
#                                                               #
# J. Eberhardt, D. Santos-Martins, A. F. Tillack, and S. Forli  #
# AutoDock Vina 1.2.0: New Docking Methods, Expanded Force      #
# Field, and Python Bindings, J. Chem. Inf. Model. (2021)       #
# DOI 10.1021/acs.jcim.1c00203                                  #
#                                                               #
# O. Trott, A. J. Olson,                                        #
# AutoDock Vina: improving the speed and accuracy of docking    #
# with a new scoring function, efficient optimization and       #
# multithreading, J. Comp. Chem. (2010)                         #
# DOI 10.1002/jcc.21334                                         #
#                                                               #
# Please see https://github.com/ccsb-scripps/AutoDock-Vina for  #
# more information.                                             #
#################################################################

Scoring function : vina
Rigid receptor: /app/3P1I.pdbqt
Ligand: /app/Abemaciclib_94NAMRd.pdbqt
Grid center: X 61.974 Y 30.482 Z -0.238
Grid size  : X 17.549 Y 18.133 Z 16.38
Grid space : 0.375
Exhaustiveness: 8
CPU: 4
Verbosity: 2

Computing Vina grid ... done.
Performing docking (random seed: 1367858384) ... 
0%   10   20   30   40   50   60   70   80   90   100%
|----|----|----|----|----|----|----|----|----|----|
***************************************************
done.
ENERGY FROM SEARCH: -11.2124
FINAL ENERGY: 
Estimated Free Energy of Binding   : -7.905 (kcal/mol) [=(1)+(2)+(3)-(4)]
(1) Final Intermolecular Energy    : -11.140 (kcal/mol)
    Ligand - Receptor              : -11.140 (kcal/mol)
    Ligand - Flex side chains      : 0.000 (kcal/mol)
(2) Final Total Internal Energy    : -0.073 (kcal/mol)
    Ligand                         : -0.073 (kcal/mol)
    Flex   - Receptor              : 0.000 (kcal/mol)
    Flex   - Flex side chains      : 0.000 (kcal/mol)
(3) Torsional Free Energy          : 3.235 (kcal/mol)
(4) Unbound System's Energy        : -0.073 (kcal/mol)
ENERGY FROM SEARCH: -10.526
FINAL ENERGY: 
Estimated Free Energy of Binding   : -7.418 (kcal/mol) [=(1)+(2)+(3)-(4)]
(1) Final Intermolecular Energy    : -9.975 (kcal/mol)
    Ligand - Receptor              : -9.975 (kcal/mol)
    Ligand - Flex side chains      : 0.000 (kcal/mol)
(2) Final Total Internal Energy    : -0.551 (kcal/mol)
    Ligand                         : -0.551 (kcal/mol)
    Flex   - Receptor              : 0.000 (kcal/mol)
    Flex   - Flex side chains      : 0.000 (kcal/mol)
(3) Torsional Free Energy          : 3.036 (kcal/mol)
(4) Unbound System's Energy        : -0.073 (kcal/mol)
ENERGY FROM SEARCH: -9.648
FINAL ENERGY: 
Estimated Free Energy of Binding   : -6.795 (kcal/mol) [=(1)+(2)+(3)-(4)]
(1) Final Intermolecular Energy    : -9.697 (kcal/mol)
    Ligand - Receptor              : -9.697 (kcal/mol)
    Ligand - Flex side chains      : 0.000 (kcal/mol)
(2) Final Total Internal Energy    : 0.049 (kcal/mol)
    Ligand                         : 0.049 (kcal/mol)
    Flex   - Receptor              : 0.000 (kcal/mol)
    Flex   - Flex side chains      : 0.000 (kcal/mol)
(3) Torsional Free Energy          : 2.780 (kcal/mol)
(4) Unbound System's Energy        : -0.073 (kcal/mol)
ENERGY FROM SEARCH: -9.027
FINAL ENERGY: 
Estimated Free Energy of Binding   : -6.354 (kcal/mol) [=(1)+(2)+(3)-(4)]
(1) Final Intermolecular Energy    : -8.915 (kcal/mol)
    Ligand - Receptor              : -8.915 (kcal/mol)
    Ligand - Flex side chains      : 0.000 (kcal/mol)
(2) Final Total Internal Energy    : -0.113 (kcal/mol)
    Ligand                         : -0.113 (kcal/mol)
    Flex   - Receptor              : 0.000 (kcal/mol)
    Flex   - Flex side chains      : 0.000 (kcal/mol)
(3) Torsional Free Energy          : 2.600 (kcal/mol)
(4) Unbound System's Energy        : -0.073 (kcal/mol)
ENERGY FROM SEARCH: -6.671
FINAL ENERGY: 
Estimated Free Energy of Binding   : -4.683 (kcal/mol) [=(1)+(2)+(3)-(4)]
(1) Final Intermolecular Energy    : -6.440 (kcal/mol)
    Ligand - Receptor              : -6.440 (kcal/mol)
    Ligand - Flex side chains      : 0.000 (kcal/mol)
(2) Final Total Internal Energy    : -0.231 (kcal/mol)
    Ligand                         : -0.231 (kcal/mol)
    Flex   - Receptor              : 0.000 (kcal/mol)
    Flex   - Flex side chains      : 0.000 (kcal/mol)
(3) Torsional Free Energy          : 1.916 (kcal/mol)
(4) Unbound System's Energy        : -0.073 (kcal/mol)
ENERGY FROM SEARCH: -5.584
FINAL ENERGY: 
Estimated Free Energy of Binding   : -3.911 (kcal/mol) [=(1)+(2)+(3)-(4)]
(1) Final Intermolecular Energy    : -5.183 (kcal/mol)
    Ligand - Receptor              : -5.183 (kcal/mol)
    Ligand - Flex side chains      : 0.000 (kcal/mol)
(2) Final Total Internal Energy    : -0.400 (kcal/mol)
    Ligand                         : -0.400 (kcal/mol)
    Flex   - Receptor              : 0.000 (kcal/mol)
    Flex   - Flex side chains      : 0.000 (kcal/mol)
(3) Torsional Free Energy          : 1.600 (kcal/mol)
(4) Unbound System's Energy        : -0.073 (kcal/mol)
ENERGY FROM SEARCH: -5.541
FINAL ENERGY: 
Estimated Free Energy of Binding   : -3.880 (kcal/mol) [=(1)+(2)+(3)-(4)]
(1) Final Intermolecular Energy    : -6.003 (kcal/mol)
    Ligand - Receptor              : -6.003 (kcal/mol)
    Ligand - Flex side chains      : 0.000 (kcal/mol)
(2) Final Total Internal Energy    : 0.462 (kcal/mol)
    Ligand                         : 0.462 (kcal/mol)
    Flex   - Receptor              : 0.000 (kcal/mol)
    Flex   - Flex side chains      : 0.000 (kcal/mol)
(3) Torsional Free Energy          : 1.588 (kcal/mol)
(4) Unbound System's Energy        : -0.073 (kcal/mol)
ENERGY FROM SEARCH: -4.959
FINAL ENERGY: 
Estimated Free Energy of Binding   : -3.467 (kcal/mol) [=(1)+(2)+(3)-(4)]
(1) Final Intermolecular Energy    : -5.468 (kcal/mol)
    Ligand - Receptor              : -5.468 (kcal/mol)
    Ligand - Flex side chains      : 0.000 (kcal/mol)
(2) Final Total Internal Energy    : 0.509 (kcal/mol)
    Ligand                         : 0.509 (kcal/mol)
    Flex   - Receptor              : 0.000 (kcal/mol)
    Flex   - Flex side chains      : 0.000 (kcal/mol)
(3) Torsional Free Energy          : 1.419 (kcal/mol)
(4) Unbound System's Energy        : -0.073 (kcal/mol)
ENERGY FROM SEARCH: -0.795
FINAL ENERGY: 
Estimated Free Energy of Binding   : -0.513 (kcal/mol) [=(1)+(2)+(3)-(4)]
(1) Final Intermolecular Energy    : -0.977 (kcal/mol)
    Ligand - Receptor              : -0.977 (kcal/mol)
    Ligand - Flex side chains      : 0.000 (kcal/mol)
(2) Final Total Internal Energy    : 0.182 (kcal/mol)
    Ligand                         : 0.182 (kcal/mol)
    Flex   - Receptor              : 0.000 (kcal/mol)
    Flex   - Flex side chains      : 0.000 (kcal/mol)
(3) Torsional Free Energy          : 0.210 (kcal/mol)
(4) Unbound System's Energy        : -0.073 (kcal/mol)

mode |   affinity | dist from best mode
     | (kcal/mol) | rmsd l.b.| rmsd u.b.
-----+------------+----------+----------
   1      -7.9050     0.0000     0.0000
   2      -7.4180     2.2996     5.5960
   3      -6.7946     2.7847     5.1355
   4      -6.3542     3.0623     6.8873
   5      -4.6827     2.7048     3.8708
   6      -3.9107     2.8210     6.6723
   7      -3.8803     3.4001     7.9220
   8      -3.4675     2.2736     6.7753
   9      -0.5127     3.2126     7.6668
