AutoDock Vina 52ec525-mod
#################################################################
# If you used AutoDock Vina in your work, please cite:          #
#                                                               #
# J. Eberhardt, D. Santos-Martins, A. F. Tillack, and S. Forli  #
# AutoDock Vina 1.2.0: New Docking Methods, Expanded Force      #
# Field, and Python Bindings, J. Chem. Inf. Model. (2021)       #
# DOI 10.1021/acs.jcim.1c00203                                  #
#                                                               #
# O. Trott, A. J. Olson,                                        #
# AutoDock Vina: improving the speed and accuracy of docking    #
# with a new scoring function, efficient optimization and       #
# multithreading, J. Comp. Chem. (2010)                         #
# DOI 10.1002/jcc.21334                                         #
#                                                               #
# Please see https://github.com/ccsb-scripps/AutoDock-Vina for  #
# more information.                                             #
#################################################################

Scoring function : vina
Rigid receptor: /app/6QH4.pdbqt
Ligand: /app/Abemaciclib_94NAMRd.pdbqt
Grid center: X -12.197 Y 19.906 Z 14.648
Grid size  : X 17.255 Y 17.359 Z 19.883
Grid space : 0.375
Exhaustiveness: 16
CPU: 4
Verbosity: 2

Computing Vina grid ... done.
Performing docking (random seed: 1367858384) ... 
0%   10   20   30   40   50   60   70   80   90   100%
|----|----|----|----|----|----|----|----|----|----|
***************************************************
done.
ENERGY FROM SEARCH: -8.41075
FINAL ENERGY: 
Estimated Free Energy of Binding   : -5.582 (kcal/mol) [=(1)+(2)+(3)-(4)]
(1) Final Intermolecular Energy    : -7.866 (kcal/mol)
    Ligand - Receptor              : -7.866 (kcal/mol)
    Ligand - Flex side chains      : 0.000 (kcal/mol)
(2) Final Total Internal Energy    : -0.545 (kcal/mol)
    Ligand                         : -0.545 (kcal/mol)
    Flex   - Receptor              : 0.000 (kcal/mol)
    Flex   - Flex side chains      : 0.000 (kcal/mol)
(3) Torsional Free Energy          : 2.284 (kcal/mol)
(4) Unbound System's Energy        : -0.545 (kcal/mol)
ENERGY FROM SEARCH: -7.306
FINAL ENERGY: 
Estimated Free Energy of Binding   : -4.798 (kcal/mol) [=(1)+(2)+(3)-(4)]
(1) Final Intermolecular Energy    : -6.927 (kcal/mol)
    Ligand - Receptor              : -6.927 (kcal/mol)
    Ligand - Flex side chains      : 0.000 (kcal/mol)
(2) Final Total Internal Energy    : -0.378 (kcal/mol)
    Ligand                         : -0.378 (kcal/mol)
    Flex   - Receptor              : 0.000 (kcal/mol)
    Flex   - Flex side chains      : 0.000 (kcal/mol)
(3) Torsional Free Energy          : 1.963 (kcal/mol)
(4) Unbound System's Energy        : -0.545 (kcal/mol)
ENERGY FROM SEARCH: -6.602
FINAL ENERGY: 
Estimated Free Energy of Binding   : -4.299 (kcal/mol) [=(1)+(2)+(3)-(4)]
(1) Final Intermolecular Energy    : -6.482 (kcal/mol)
    Ligand - Receptor              : -6.482 (kcal/mol)
    Ligand - Flex side chains      : 0.000 (kcal/mol)
(2) Final Total Internal Energy    : -0.120 (kcal/mol)
    Ligand                         : -0.120 (kcal/mol)
    Flex   - Receptor              : 0.000 (kcal/mol)
    Flex   - Flex side chains      : 0.000 (kcal/mol)
(3) Torsional Free Energy          : 1.759 (kcal/mol)
(4) Unbound System's Energy        : -0.545 (kcal/mol)
ENERGY FROM SEARCH: -6.175
FINAL ENERGY: 
Estimated Free Energy of Binding   : -3.996 (kcal/mol) [=(1)+(2)+(3)-(4)]
(1) Final Intermolecular Energy    : -6.576 (kcal/mol)
    Ligand - Receptor              : -6.576 (kcal/mol)
    Ligand - Flex side chains      : 0.000 (kcal/mol)
(2) Final Total Internal Energy    : 0.400 (kcal/mol)
    Ligand                         : 0.400 (kcal/mol)
    Flex   - Receptor              : 0.000 (kcal/mol)
    Flex   - Flex side chains      : 0.000 (kcal/mol)
(3) Torsional Free Energy          : 1.635 (kcal/mol)
(4) Unbound System's Energy        : -0.545 (kcal/mol)
ENERGY FROM SEARCH: -6.043
FINAL ENERGY: 
Estimated Free Energy of Binding   : -3.901 (kcal/mol) [=(1)+(2)+(3)-(4)]
(1) Final Intermolecular Energy    : -6.011 (kcal/mol)
    Ligand - Receptor              : -6.011 (kcal/mol)
    Ligand - Flex side chains      : 0.000 (kcal/mol)
(2) Final Total Internal Energy    : -0.031 (kcal/mol)
    Ligand                         : -0.031 (kcal/mol)
    Flex   - Receptor              : 0.000 (kcal/mol)
    Flex   - Flex side chains      : 0.000 (kcal/mol)
(3) Torsional Free Energy          : 1.597 (kcal/mol)
(4) Unbound System's Energy        : -0.545 (kcal/mol)
ENERGY FROM SEARCH: -4.367
FINAL ENERGY: 
Estimated Free Energy of Binding   : -2.713 (kcal/mol) [=(1)+(2)+(3)-(4)]
(1) Final Intermolecular Energy    : -4.217 (kcal/mol)
    Ligand - Receptor              : -4.217 (kcal/mol)
    Ligand - Flex side chains      : 0.000 (kcal/mol)
(2) Final Total Internal Energy    : -0.150 (kcal/mol)
    Ligand                         : -0.150 (kcal/mol)
    Flex   - Receptor              : 0.000 (kcal/mol)
    Flex   - Flex side chains      : 0.000 (kcal/mol)
(3) Torsional Free Energy          : 1.110 (kcal/mol)
(4) Unbound System's Energy        : -0.545 (kcal/mol)
ENERGY FROM SEARCH: -3.870
FINAL ENERGY: 
Estimated Free Energy of Binding   : -2.360 (kcal/mol) [=(1)+(2)+(3)-(4)]
(1) Final Intermolecular Energy    : -4.144 (kcal/mol)
    Ligand - Receptor              : -4.144 (kcal/mol)
    Ligand - Flex side chains      : 0.000 (kcal/mol)
(2) Final Total Internal Energy    : 0.274 (kcal/mol)
    Ligand                         : 0.274 (kcal/mol)
    Flex   - Receptor              : 0.000 (kcal/mol)
    Flex   - Flex side chains      : 0.000 (kcal/mol)
(3) Torsional Free Energy          : 0.966 (kcal/mol)
(4) Unbound System's Energy        : -0.545 (kcal/mol)
ENERGY FROM SEARCH: 12.764
FINAL ENERGY: 
Estimated Free Energy of Binding   : 9.444 (kcal/mol) [=(1)+(2)+(3)-(4)]
(1) Final Intermolecular Energy    : 12.929 (kcal/mol)
    Ligand - Receptor              : 12.929 (kcal/mol)
    Ligand - Flex side chains      : 0.000 (kcal/mol)
(2) Final Total Internal Energy    : -0.165 (kcal/mol)
    Ligand                         : -0.165 (kcal/mol)
    Flex   - Receptor              : 0.000 (kcal/mol)
    Flex   - Flex side chains      : 0.000 (kcal/mol)
(3) Torsional Free Energy          : -3.865 (kcal/mol)
(4) Unbound System's Energy        : -0.545 (kcal/mol)
ENERGY FROM SEARCH: 135.401
FINAL ENERGY: 
Estimated Free Energy of Binding   : 96.469 (kcal/mol) [=(1)+(2)+(3)-(4)]
(1) Final Intermolecular Energy    : 134.560 (kcal/mol)
    Ligand - Receptor              : 134.560 (kcal/mol)
    Ligand - Flex side chains      : 0.000 (kcal/mol)
(2) Final Total Internal Energy    : 0.841 (kcal/mol)
    Ligand                         : 0.841 (kcal/mol)
    Flex   - Receptor              : 0.000 (kcal/mol)
    Flex   - Flex side chains      : 0.000 (kcal/mol)
(3) Torsional Free Energy          : -39.477 (kcal/mol)
(4) Unbound System's Energy        : -0.545 (kcal/mol)

mode |   affinity | dist from best mode
     | (kcal/mol) | rmsd l.b.| rmsd u.b.
-----+------------+----------+----------
   1      -5.5819     0.0000     0.0000
   2      -4.7978     3.5079     9.6888
   3      -4.2985     3.2123    11.7175
   4      -3.9956     4.4047    12.5644
   5      -3.9015     3.4481    11.9535
   6      -2.7126     3.8293    12.2581
   7      -2.3598     7.4320    10.6683
   8       9.4436     2.9150    11.1738
   9      96.4686     3.4759    11.3995
