AutoDock Vina 52ec525-mod
#################################################################
# If you used AutoDock Vina in your work, please cite:          #
#                                                               #
# J. Eberhardt, D. Santos-Martins, A. F. Tillack, and S. Forli  #
# AutoDock Vina 1.2.0: New Docking Methods, Expanded Force      #
# Field, and Python Bindings, J. Chem. Inf. Model. (2021)       #
# DOI 10.1021/acs.jcim.1c00203                                  #
#                                                               #
# O. Trott, A. J. Olson,                                        #
# AutoDock Vina: improving the speed and accuracy of docking    #
# with a new scoring function, efficient optimization and       #
# multithreading, J. Comp. Chem. (2010)                         #
# DOI 10.1002/jcc.21334                                         #
#                                                               #
# Please see https://github.com/ccsb-scripps/AutoDock-Vina for  #
# more information.                                             #
#################################################################

Scoring function : vina
Rigid receptor: /app/2REI.pdbqt
Ligand: /app/Afatinib_DIs38Xm.pdbqt
Grid center: X 10.83 Y 9.436 Z -7.42
Grid size  : X 14.316 Y 12.416 Z 11.258
Grid space : 0.375
Exhaustiveness: 8
CPU: 4
Verbosity: 2

Computing Vina grid ... done.
Performing docking (random seed: 1367858384) ... 
0%   10   20   30   40   50   60   70   80   90   100%
|----|----|----|----|----|----|----|----|----|----|
***************************************************
done.
ENERGY FROM SEARCH: 102.72
FINAL ENERGY: 
Estimated Free Energy of Binding   : 64.573 (kcal/mol) [=(1)+(2)+(3)-(4)]
(1) Final Intermolecular Energy    : 98.548 (kcal/mol)
    Ligand - Receptor              : 98.548 (kcal/mol)
    Ligand - Flex side chains      : 0.000 (kcal/mol)
(2) Final Total Internal Energy    : 4.172 (kcal/mol)
    Ligand                         : 4.172 (kcal/mol)
    Flex   - Receptor              : 0.000 (kcal/mol)
    Flex   - Flex side chains      : 0.000 (kcal/mol)
(3) Torsional Free Energy          : -33.975 (kcal/mol)
(4) Unbound System's Energy        : 4.172 (kcal/mol)
ENERGY FROM SEARCH: 107.158
FINAL ENERGY: 
Estimated Free Energy of Binding   : 67.481 (kcal/mol) [=(1)+(2)+(3)-(4)]
(1) Final Intermolecular Energy    : 98.845 (kcal/mol)
    Ligand - Receptor              : 98.845 (kcal/mol)
    Ligand - Flex side chains      : 0.000 (kcal/mol)
(2) Final Total Internal Energy    : 8.313 (kcal/mol)
    Ligand                         : 8.313 (kcal/mol)
    Flex   - Receptor              : 0.000 (kcal/mol)
    Flex   - Flex side chains      : 0.000 (kcal/mol)
(3) Torsional Free Energy          : -35.505 (kcal/mol)
(4) Unbound System's Energy        : 4.172 (kcal/mol)
ENERGY FROM SEARCH: 111.780
FINAL ENERGY: 
Estimated Free Energy of Binding   : 70.509 (kcal/mol) [=(1)+(2)+(3)-(4)]
(1) Final Intermolecular Energy    : 108.182 (kcal/mol)
    Ligand - Receptor              : 108.182 (kcal/mol)
    Ligand - Flex side chains      : 0.000 (kcal/mol)
(2) Final Total Internal Energy    : 3.597 (kcal/mol)
    Ligand                         : 3.597 (kcal/mol)
    Flex   - Receptor              : 0.000 (kcal/mol)
    Flex   - Flex side chains      : 0.000 (kcal/mol)
(3) Torsional Free Energy          : -37.098 (kcal/mol)
(4) Unbound System's Energy        : 4.172 (kcal/mol)
ENERGY FROM SEARCH: 129.164
FINAL ENERGY: 
Estimated Free Energy of Binding   : 81.900 (kcal/mol) [=(1)+(2)+(3)-(4)]
(1) Final Intermolecular Energy    : 129.312 (kcal/mol)
    Ligand - Receptor              : 129.312 (kcal/mol)
    Ligand - Flex side chains      : 0.000 (kcal/mol)
(2) Final Total Internal Energy    : -0.148 (kcal/mol)
    Ligand                         : -0.148 (kcal/mol)
    Flex   - Receptor              : 0.000 (kcal/mol)
    Flex   - Flex side chains      : 0.000 (kcal/mol)
(3) Torsional Free Energy          : -43.091 (kcal/mol)
(4) Unbound System's Energy        : 4.172 (kcal/mol)
ENERGY FROM SEARCH: 133.342
FINAL ENERGY: 
Estimated Free Energy of Binding   : 84.638 (kcal/mol) [=(1)+(2)+(3)-(4)]
(1) Final Intermolecular Energy    : 126.730 (kcal/mol)
    Ligand - Receptor              : 126.730 (kcal/mol)
    Ligand - Flex side chains      : 0.000 (kcal/mol)
(2) Final Total Internal Energy    : 6.612 (kcal/mol)
    Ligand                         : 6.612 (kcal/mol)
    Flex   - Receptor              : 0.000 (kcal/mol)
    Flex   - Flex side chains      : 0.000 (kcal/mol)
(3) Torsional Free Energy          : -44.531 (kcal/mol)
(4) Unbound System's Energy        : 4.172 (kcal/mol)
ENERGY FROM SEARCH: 136.489
FINAL ENERGY: 
Estimated Free Energy of Binding   : 86.700 (kcal/mol) [=(1)+(2)+(3)-(4)]
(1) Final Intermolecular Energy    : 135.788 (kcal/mol)
    Ligand - Receptor              : 135.788 (kcal/mol)
    Ligand - Flex side chains      : 0.000 (kcal/mol)
(2) Final Total Internal Energy    : 0.701 (kcal/mol)
    Ligand                         : 0.701 (kcal/mol)
    Flex   - Receptor              : 0.000 (kcal/mol)
    Flex   - Flex side chains      : 0.000 (kcal/mol)
(3) Torsional Free Energy          : -45.616 (kcal/mol)
(4) Unbound System's Energy        : 4.172 (kcal/mol)
ENERGY FROM SEARCH: 151.913
FINAL ENERGY: 
Estimated Free Energy of Binding   : 96.807 (kcal/mol) [=(1)+(2)+(3)-(4)]
(1) Final Intermolecular Energy    : 152.255 (kcal/mol)
    Ligand - Receptor              : 152.255 (kcal/mol)
    Ligand - Flex side chains      : 0.000 (kcal/mol)
(2) Final Total Internal Energy    : -0.342 (kcal/mol)
    Ligand                         : -0.342 (kcal/mol)
    Flex   - Receptor              : 0.000 (kcal/mol)
    Flex   - Flex side chains      : 0.000 (kcal/mol)
(3) Torsional Free Energy          : -50.934 (kcal/mol)
(4) Unbound System's Energy        : 4.172 (kcal/mol)
ENERGY FROM SEARCH: 332.813
FINAL ENERGY: 
Estimated Free Energy of Binding   : 215.341 (kcal/mol) [=(1)+(2)+(3)-(4)]
(1) Final Intermolecular Energy    : 296.001 (kcal/mol)
    Ligand - Receptor              : 296.001 (kcal/mol)
    Ligand - Flex side chains      : 0.000 (kcal/mol)
(2) Final Total Internal Energy    : 36.812 (kcal/mol)
    Ligand                         : 36.812 (kcal/mol)
    Flex   - Receptor              : 0.000 (kcal/mol)
    Flex   - Flex side chains      : 0.000 (kcal/mol)
(3) Torsional Free Energy          : -113.299 (kcal/mol)
(4) Unbound System's Energy        : 4.172 (kcal/mol)
ENERGY FROM SEARCH: 6153.327
FINAL ENERGY: 
Estimated Free Energy of Binding   : 4029.220 (kcal/mol) [=(1)+(2)+(3)-(4)]
(1) Final Intermolecular Energy    : 6149.786 (kcal/mol)
    Ligand - Receptor              : 6149.786 (kcal/mol)
    Ligand - Flex side chains      : 0.000 (kcal/mol)
(2) Final Total Internal Energy    : 3.541 (kcal/mol)
    Ligand                         : 3.541 (kcal/mol)
    Flex   - Receptor              : 0.000 (kcal/mol)
    Flex   - Flex side chains      : 0.000 (kcal/mol)
(3) Torsional Free Energy          : -2119.934 (kcal/mol)
(4) Unbound System's Energy        : 4.172 (kcal/mol)

mode |   affinity | dist from best mode
     | (kcal/mol) | rmsd l.b.| rmsd u.b.
-----+------------+----------+----------
   1      64.5734     0.0000     0.0000
   2      67.4812     2.9174     3.2968
   3      70.5095     2.4409     2.9116
   4      81.9004     7.6601    11.4485
   5      84.6381     3.9372     6.3221
   6      86.7003     4.3227     6.4087
   7      96.8068     7.8347    11.3407
   8     215.3408     6.2573     8.9944
   9    4029.2202     3.6149     6.9764
