============================================================================
| ACPYPE: AnteChamber PYthon Parser interfacE v. 2023.10.27 (c) 2025 AWSdS |
============================================================================
DEBUG: CLI: -i ../Input_files/3P1I_ABEMACICLIB//Abemaciclib_94NAMRd.sdf
DEBUG: Python Version 3.12.12 | packaged by conda-forge | (main, Oct 22 2025, 23:25:55) [GCC 14.3.0]
DEBUG: Max execution time tolerance is 3h
DEBUG: /mnt/netapp2/Store_uni/home/usc/cq/asg/conda_python_envs/py_envs/acpype/bin/antechamber -dr no -i Abemaciclib_94NAMRd.sdf -fi sdf -o tmp -fo ac -pf y
DEBUG: Info: The atom type is set to gaff; the options available to the -at flag are
 gaff, gaff2, amber, bcc, abcg2, and sybyl.


DEBUG: setResNameCheckCoords done
WARNING: no charge value given, trying to guess one...
DEBUG: /mnt/netapp2/Store_uni/home/usc/cq/asg/conda_python_envs/py_envs/acpype/bin/antechamber -dr no -i Abemaciclib_94NAMRd.sdf -fi sdf -o tmp -fo mol2 -c gas -pf n
DEBUG: /mnt/netapp2/Store_uni/home/usc/cq/asg/conda_python_envs/py_envs/acpype/bin/antechamber -dr no -i tmp -fi mol2 -o tmp -fo mol2 -c wc -cf tmp.crg -pf n
DEBUG: ++++++++++start_quote+++++++++++++++++++++++++++++++++++++++++++++++++++++++++++
DEBUG: Info: The atom type is set to gaff; the options available to the -at flag are
 gaff, gaff2, amber, bcc, abcg2, and sybyl.


DEBUG: ++++++++++end_quote+++++++++++++++++++++++++++++++++++++++++++++++++++++++++++++
DEBUG: readMol2TotalCharge: 6.000000000014674e-06
DEBUG: Net charge drift '0.000006'
==> ... charge set to 0
==> Executing Antechamber...
DEBUG: /mnt/netapp2/Store_uni/home/usc/cq/asg/conda_python_envs/py_envs/acpype/bin/antechamber -dr no -i Abemaciclib_94NAMRd.sdf -fi sdf -o Abemaciclib_94NAMRd_bcc_gaff2.mol2 -fo mol2 -c bcc -nc 0 -m 1 -s 2 -df 2 -at gaff2 -pf n 
==> AC output file present... doing nothing
==> * Antechamber OK *
DEBUG: /mnt/netapp2/Store_uni/home/usc/cq/asg/conda_python_envs/py_envs/acpype/bin/parmchk2 -i Abemaciclib_94NAMRd_bcc_gaff2.mol2 -f mol2 -o Abemaciclib_94NAMRd_AC.frcmod -s 2
==> * Parmchk OK *
==> Topologies files already present... doing nothing
==> * Tleap OK *
==> Removing temporary files...
DEBUG: prmtop and inpcrd files loaded
DEBUG: basename defined = 'Abemaciclib_94NAMRd'
DEBUG: getCoords done
DEBUG: getABCOEFs done
DEBUG: charge to be balanced: total 0.0000020015
DEBUG: balanceCharges done
DEBUG: Balanced TotalCharge 0.0000000000
DEBUG: PBC = None
DEBUG: getAtoms done
DEBUG: getBonds done
DEBUG: getAngles done
DEBUG: getDihedrals done
==> Using OpenBabel v.3.1.0

==> Writing NEW PDB file

==> Writing CNS/XPLOR files

DEBUG: chiralGroups 0
==> Writing GROMACS files

==> Disambiguating lower and uppercase atomtypes in GMX top file, even if identical.

DEBUG: writing GRO file
DEBUG: Box size estimated
DEBUG: writing POSRE file
DEBUG: atomTypes 16
DEBUG: GMX atomtypes done
DEBUG: atoms 69
DEBUG: GMX atoms done
DEBUG: bonds 73
DEBUG: GMX bonds done
DEBUG: atomPairs 166
DEBUG: GMX pairs done
DEBUG: angles 130
DEBUG: GMX angles done
DEBUG: setProperDihedralsCoef done
DEBUG: properDihedralsCoefRB 183
DEBUG: properDihedralsAlphaGamma 0
DEBUG: properDihedralsGmx45 183
==> Writing GMX dihedrals for GMX 4.5 and higher.

DEBUG: GMX special proper dihedrals done
DEBUG: improperDihedrals 18
DEBUG: GMX improper dihedrals done
==> Writing CHARMM files

DEBUG: /mnt/netapp2/Store_uni/home/usc/cq/asg/conda_python_envs/py_envs/acpype/bin/antechamber -dr no -i Abemaciclib_94NAMRd_bcc_gaff2.mol2 -fi mol2 -o Abemaciclib_94NAMRd_CHARMM -fo charmm -s 2 -at gaff2 -pf n -rn MOL
DEBUG: ++++++++++start_quote+++++++++++++++++++++++++++++++++++++++++++++++++++++++++++
DEBUG: Info: The atom type is set to gaff2; the options available to the -at flag are
 gaff, gaff2, amber, bcc, abcg2, and sybyl.

Info: Ignoring Mol2 record type (@<TRIPOS>SUBSTRUCTURE).
Info: Finished reading file (Abemaciclib_94NAMRd_bcc_gaff2.mol2); atoms read (69), bonds read (73).
Info: Determining atomic numbers from atomic symbols which are case sensitive.
Running: /mnt/netapp2/Store_uni/home/usc/cq/asg/conda_python_envs/py_envs/acpype/bin/bondtype -j full -i ANTECHAMBER_BOND_TYPE.AC0 -o ANTECHAMBER_BOND_TYPE.AC -f ac

Running: /mnt/netapp2/Store_uni/home/usc/cq/asg/conda_python_envs/py_envs/acpype/bin/atomtype -i ANTECHAMBER_AC.AC0 -o ANTECHAMBER_AC.AC -p gaff2

Running: /mnt/netapp2/Store_uni/home/usc/cq/asg/conda_python_envs/py_envs/acpype/bin/atomtype -i ANTECHAMBER_PREP.AC0 -o ANTECHAMBER_PREP.AC -p gaff2

Running: /mnt/netapp2/Store_uni/home/usc/cq/asg/conda_python_envs/py_envs/acpype/bin/charmmgen -i ANTECHAMBER_PREP.AC -f ac -o Abemaciclib_94NAMRd_CHARMM -r MOL

DEBUG: ++++++++++end_quote+++++++++++++++++++++++++++++++++++++++++++++++++++++++++++++
==> Pickle file Abemaciclib_94NAMRd.pkl already present... doing nothing
==> Removing temporary files...
Total time of execution: 1s
DEBUG: No tmp folder left to be removed
