            --------------------------------------------------------
                             AMBER SQM VERSION 19
 
                                     By
              Ross C. Walker, Michael F. Crowley, Scott Brozell,
                         Tim Giese, Andreas W. Goetz,
                        Tai-Sung Lee and David A. Case
 
            --------------------------------------------------------
 

--------------------------------------------------------------------------------
  QM CALCULATION INFO
--------------------------------------------------------------------------------

| QMMM: Citation for AMBER QMMM Run:
| QMMM: R.C. Walker, M.F. Crowley and D.A. Case, J. COMP. CHEM. 29:1019, 2008

QMMM: SINGLET STATE CALCULATION
QMMM: RHF CALCULATION, NO. OF DOUBLY OCCUPIED LEVELS = 97

| QMMM: *** Selected Hamiltonian *** 
| QMMM: AM1         

| QMMM: *** Parameter sets in use ***
| QMMM: C : M.J.S.DEWAR et al. JACS, 107, 3902, (1985)
| QMMM: N : M.J.S.DEWAR et al. JACS, 107, 3902, (1985)
| QMMM: F : M.J.S.DEWAR et al. THEOCHEM, 180, 1, (1988)
| QMMM: H : M.J.S.DEWAR et al. JACS, 107, 3902, (1985)

| QMMM: *** SCF convergence criteria ***
| QMMM: Energy change                :  0.1D-09 kcal/mol
| QMMM: Error matrix |FP-PF|         :  0.1D+00 au
| QMMM: Density matrix change        :  0.5D-06
| QMMM: Maximum number of SCF cycles :     1000

| QMMM: *** Diagonalization Routine Information ***
| QMMM: Pseudo diagonalizations are allowed.
| QMMM: Auto diagonalization routine selection is in use.
| QMMM:
| QMMM: Timing diagonalization routines:
| QMMM:                              norbs =      180
| QMMM:    diag iterations used for timing =        5
| QMMM:
| QMMM:              Internal diag routine = 0.057299 seconds
| QMMM:                 Dspev diag routine = 0.052910 seconds
| QMMM:                Dspevd diag routine = 0.030722 seconds
| QMMM:                Dspevx diag routine = 0.129595 seconds
| QMMM:                 Dsyev diag routine = 0.043977 seconds
| QMMM:                Dsyevd diag routine = 0.013844 seconds
| QMMM:                Dsyevr diag routine = 0.023710 seconds
| QMMM:
| QMMM:                Pseudo diag routine = 0.028595 seconds
| QMMM: Pseudo diagonalization appears to be slower than regular
| QMMM: diagonalization. Setting pseudo_diag=0 for optimum performance.
| QMMM:
| QMMM: Using dsyevd routine (diag_routine=6).

  QMMM: QM Region Cartesian Coordinates (*=link atom) 
  QMMM: QM_NO.   MM_NO.  ATOM         X         Y         Z
  QMMM:     1        1      C      -13.2160   27.4910    7.6800
  QMMM:     2        2      C      -14.2930   26.5800    7.1160
  QMMM:     3        3      N      -15.6090   26.9240    7.6550
  QMMM:     4        4      C      -16.0090   25.9740    8.7000
  QMMM:     5        5      C      -17.3870   26.3350    9.2660
  QMMM:     6        6      N      -17.3940   27.7070    9.7890
  QMMM:     7        7      C      -18.7090   28.0500   10.3250
  QMMM:     8        8      C      -18.6750   28.2340   11.8190
  QMMM:     9        9      C      -19.8310   28.5380   12.5310
  QMMM:    10       10      C      -19.7680   28.7000   13.9120
  QMMM:    11       11      C      -18.5350   28.5510   14.5260
  QMMM:    12       12      N      -18.4870   28.7180   15.9330
  QMMM:    13       13      C      -18.5810   27.8090   16.9980
  QMMM:    14       14      N      -19.3650   26.7320   16.8020
  QMMM:    15       15      C      -19.4320   25.8790   17.8450
  QMMM:    16       16      C      -18.7590   26.0670   19.0340
  QMMM:    17       17      F      -18.8560   25.1920   20.0400
  QMMM:    18       18      C      -17.9870   27.2090   19.1100
  QMMM:    19       19      C      -17.2310   27.5260   20.2960
  QMMM:    20       20      C      -17.9020   27.9530   21.4450
  QMMM:    21       21      C      -17.1980   28.2710   22.6140
  QMMM:    22       22      F      -17.8550   28.6770   23.7080
  QMMM:    23       23      C      -15.7990   28.1520   22.6080
  QMMM:    24       24      N      -14.8860   28.3980   23.6090
  QMMM:    25       25      C      -13.7150   28.1290   23.0760
  QMMM:    26       26      C      -12.4090   28.2380   23.7570
  QMMM:    27       27      N      -13.8270   27.7190   21.7760
  QMMM:    28       28      C      -12.7380   27.3460   20.9010
  QMMM:    29       29      C      -12.0670   26.0490   21.3590
  QMMM:    30       30      C      -11.7110   28.4740   20.7670
  QMMM:    31       31      C      -15.1590   27.7250   21.4480
  QMMM:    32       32      C      -15.8380   27.4020   20.2730
  QMMM:    33       33      N      -17.8750   28.1040   18.1060
  QMMM:    34       34      N      -17.3910   28.2580   13.8680
  QMMM:    35       35      C      -17.4910   28.1060   12.5280
  QMMM:    36       36      C      -16.9930   28.6570    8.7440
  QMMM:    37       37      C      -15.6160   28.2960    8.1790
  QMMM:    38       38      H      -13.2500   27.4620    8.7790
  QMMM:    39       39      H      -12.2290   27.1490    7.3350
  QMMM:    40       40      H      -13.3890   28.5210    7.3350
  QMMM:    41       41      H      -14.3150   26.6840    6.0210
  QMMM:    42       42      H      -14.0590   25.5440    7.4010
  QMMM:    43       43      H      -16.0490   24.9620    8.2710
  QMMM:    44       44      H      -15.2710   26.0150    9.5150
  QMMM:    45       45      H      -18.1380   26.2500    8.4670
  QMMM:    46       46      H      -17.6220   25.6430   10.0880
  QMMM:    47       47      H      -19.0500   28.9860    9.8590
  QMMM:    48       48      H      -19.3960   27.2210   10.0990
  QMMM:    49       49      H      -20.7910   28.6500   12.0050
  QMMM:    50       50      H      -20.6680   28.9390   14.4970
  QMMM:    51       51      H      -18.3610   29.6770   16.2420
  QMMM:    52       52      H      -20.0600   24.9820   17.7410
  QMMM:    53       53      H      -18.9980   28.0410   21.4310
  QMMM:    54       54      H      -12.5610   28.2250   24.8460
  QMMM:    55       55      H      -11.7720   27.3900   23.4660
  QMMM:    56       56      H      -11.9210   29.1800   23.4660
  QMMM:    57       57      H      -13.1710   27.1670   19.9060
  QMMM:    58       58      H      -12.0490   26.0140   22.4580
  QMMM:    59       59      H      -12.6330   25.1880   20.9740
  QMMM:    60       60      H      -11.0370   26.0130   20.9740
  QMMM:    61       61      H      -11.4040   28.8110   21.7680
  QMMM:    62       62      H      -10.8320   28.1060   20.2180
  QMMM:    63       63      H      -12.1600   29.3150   20.2180
  QMMM:    64       64      H      -15.3040   27.0660   19.3720
  QMMM:    65       65      H      -16.5760   27.8660   11.9660
  QMMM:    66       66      H      -17.7340   28.6330    7.9310
  QMMM:    67       67      H      -16.9400   29.6640    9.1840
  QMMM:    68       68      H      -15.3660   28.9940    7.3660
  QMMM:    69       69      H      -14.8740   28.3680    8.9880

--------------------------------------------------------------------------------
  RESULTS
--------------------------------------------------------------------------------

      iter         sqm energy              rms gradient
      ----    -------------------    -----------------------
xmin    10       82.7020 kcal/mol        1.8606 kcal/(mol*A)
xmin    20       81.1648 kcal/mol        0.2902 kcal/(mol*A)
xmin    30       80.4704 kcal/mol        0.2381 kcal/(mol*A)
xmin    40       79.9034 kcal/mol        0.1788 kcal/(mol*A)
xmin    50       79.7455 kcal/mol        0.2183 kcal/(mol*A)
xmin    60       79.5809 kcal/mol        0.1745 kcal/(mol*A)
xmin    70       79.2629 kcal/mol        0.2925 kcal/(mol*A)
xmin    80       79.1507 kcal/mol        0.1048 kcal/(mol*A)
xmin    90       79.0970 kcal/mol        0.0884 kcal/(mol*A)
xmin   100       79.0679 kcal/mol        0.0278 kcal/(mol*A)
xmin   110       79.0471 kcal/mol        0.0285 kcal/(mol*A)
xmin   120       79.0426 kcal/mol        0.0115 kcal/(mol*A)
xmin   130       79.0411 kcal/mol        0.0147 kcal/(mol*A)
xmin   140       79.0407 kcal/mol        0.0228 kcal/(mol*A)
xmin   150       79.0404 kcal/mol        0.0029 kcal/(mol*A)
xmin   160       79.0402 kcal/mol        0.0020 kcal/(mol*A)
xmin   170       79.0402 kcal/mol        0.0023 kcal/(mol*A)
xmin   180       79.0401 kcal/mol        0.0009 kcal/(mol*A)
xmin   190       79.0401 kcal/mol        0.0030 kcal/(mol*A)
xmin   200       79.0401 kcal/mol        0.0010 kcal/(mol*A)
xmin   210       79.0401 kcal/mol        0.0007 kcal/(mol*A)
xmin   220       79.0401 kcal/mol        0.0011 kcal/(mol*A)
  ... geometry converged !
 
 Final MO eigenvalues (eV):
 -49.8928  -49.4625  -41.8377  -40.9384  -40.4678  -39.7736  -38.1937  -37.2881
 -36.5928  -35.9567  -34.5764  -33.5402  -32.7652  -32.3354  -31.8780  -31.6667
 -31.0705  -30.1961  -30.1490  -28.4975  -28.3094  -27.7159  -25.6315  -25.3569
 -24.7363  -24.4266  -24.2534  -24.0158  -23.0718  -22.7306  -22.4559  -21.9486
 -20.2284  -19.8855  -19.4724  -19.1678  -18.5661  -18.0635  -17.9216  -17.7370
 -17.2911  -17.1297  -17.1241  -16.8662  -16.7709  -16.5618  -16.4894  -16.4098
 -15.8986  -15.8794  -15.8010  -15.5873  -15.4505  -15.3029  -15.1685  -15.1405
 -15.0150  -14.8215  -14.7476  -14.6964  -14.4716  -14.4158  -14.2114  -14.0218
 -14.0106  -13.8598  -13.7518  -13.6064  -13.5548  -13.4585  -13.2904  -13.1747
 -13.0853  -12.8440  -12.8226  -12.7995  -12.6957  -12.6133  -12.4421  -12.2477
 -12.2020  -12.0504  -11.9209  -11.7894  -11.5504  -11.5059  -11.3058  -11.0925
 -10.7840  -10.7320  -10.5702   -9.8275   -9.4502   -9.1913   -9.1219   -9.0631
  -8.7702   -0.7836   -0.4366   -0.0988   -0.0186    0.2377    0.3345    1.2325
   1.3548    1.5492    2.1558    2.4541    2.5147    2.5893    2.7370    2.8324
   2.8443    2.8991    2.9528    3.0374    3.2785    3.4066    3.4949    3.5122
   3.5282    3.5462    3.5805    3.6205    3.7054    3.7214    3.7232    3.8218
   3.8455    3.8613    3.9169    3.9361    3.9415    4.0060    4.0316    4.0873
   4.0957    4.1031    4.1143    4.1481    4.1632    4.2127    4.2332    4.2758
   4.3245    4.3358    4.3596    4.3732    4.4022    4.5162    4.5591    4.5642
   4.5982    4.6163    4.6565    4.6807    4.7596    4.7986    4.8194    4.8503
   4.8702    4.9951    5.0188    5.0835    5.1266    5.1915    5.1924    5.3100
   5.3798    5.6598    5.7504    5.7773    5.9123    6.0137    6.0255    6.1546
   6.2734    6.5371    6.6152    6.7227

 Heat of formation   =         79.04005057 kcal/mol  (        3.42743379 eV)

 Total SCF energy    =    -150365.64769336 kcal/mol  (    -6520.34377058 eV)
 Electronic energy   =   -1265162.78806554 kcal/mol  (   -54861.57530313 eV)
 Core-core repulsion =    1114797.14037218 kcal/mol  (    48341.23153255 eV)
 
    Atomic Charges for Step       1 :
  Atom    Element       Mulliken Charge
     1      C                 -0.249
     2      C                 -0.066
     3      N                 -0.261
     4      C                 -0.067
     5      C                 -0.073
     6      N                 -0.257
     7      C                 -0.024
     8      C                 -0.132
     9      C                 -0.091
    10      C                 -0.136
    11      C                  0.072
    12      N                 -0.196
    13      C                  0.130
    14      N                 -0.181
    15      C                 -0.035
    16      C                 -0.050
    17      F                 -0.082
    18      C                  0.075
    19      C                 -0.019
    20      C                 -0.168
    21      C                  0.149
    22      F                 -0.086
    23      C                 -0.091
    24      N                 -0.129
    25      C                  0.031
    26      C                 -0.159
    27      N                 -0.187
    28      C                  0.039
    29      C                 -0.232
    30      C                 -0.229
    31      C                 -0.016
    32      C                 -0.099
    33      N                 -0.194
    34      N                 -0.175
    35      C                 -0.035
    36      C                 -0.068
    37      C                 -0.066
    38      H                  0.077
    39      H                  0.080
    40      H                  0.076
    41      H                  0.088
    42      H                  0.089
    43      H                  0.091
    44      H                  0.064
    45      H                  0.064
    46      H                  0.097
    47      H                  0.100
    48      H                  0.064
    49      H                  0.142
    50      H                  0.162
    51      H                  0.236
    52      H                  0.181
    53      H                  0.158
    54      H                  0.119
    55      H                  0.092
    56      H                  0.100
    57      H                  0.108
    58      H                  0.084
    59      H                  0.093
    60      H                  0.089
    61      H                  0.083
    62      H                  0.090
    63      H                  0.095
    64      H                  0.152
    65      H                  0.177
    66      H                  0.064
    67      H                  0.089
    68      H                  0.090
    69      H                  0.063
 Total Mulliken Charge =      -0.000
 
                  X        Y        Z     TOTAL  
  QM DIPOLE     3.936    1.224   -4.365    6.004
 
 Final Structure

  QMMM: QM Region Cartesian Coordinates (*=link atom) 
  QMMM: QM_NO.   MM_NO.  ATOM         X         Y         Z
  QMMM:     1        1      C      -13.7359   25.9112    7.2946
  QMMM:     2        2      C      -15.2056   25.6777    6.9811
  QMMM:     3        3      N      -16.1926   26.4435    7.7190
  QMMM:     4        4      C      -16.2203   26.1431    9.1422
  QMMM:     5        5      C      -17.3167   26.9249    9.8909
  QMMM:     6        6      N      -17.2667   28.3576    9.6333
  QMMM:     7        7      C      -18.3339   29.0869   10.3084
  QMMM:     8        8      C      -18.2478   29.0448   11.8016
  QMMM:     9        9      C      -19.3821   28.8072   12.5802
  QMMM:    10       10      C      -19.2834   28.8298   13.9715
  QMMM:    11       11      C      -18.0186   29.0865   14.5603
  QMMM:    12       12      N      -17.9124   29.1910   15.9837
  QMMM:    13       13      C      -18.0338   28.0061   16.7583
  QMMM:    14       14      N      -18.7855   26.9478   16.2624
  QMMM:    15       15      C      -18.9596   25.9076   17.0810
  QMMM:    16       16      C      -18.4186   25.8522   18.3927
  QMMM:    17       17      F      -18.6294   24.7657   19.1629
  QMMM:    18       18      C      -17.6475   26.9709   18.8256
  QMMM:    19       19      C      -17.0356   26.9965   20.1697
  QMMM:    20       20      C      -17.8164   26.6038   21.2747
  QMMM:    21       21      C      -17.2938   26.6154   22.5711
  QMMM:    22       22      F      -18.0574   26.2399   23.6191
  QMMM:    23       23      C      -15.9548   27.0282   22.7600
  QMMM:    24       24      N      -15.1745   27.1380   23.9199
  QMMM:    25       25      C      -13.9667   27.5870   23.5078
  QMMM:    26       26      C      -12.8256   27.8685   24.4206
  QMMM:    27       27      N      -13.9139   27.7928   22.1022
  QMMM:    28       28      C      -12.7969   28.1947   21.2762
  QMMM:    29       29      C      -11.7321   27.1062   21.1178
  QMMM:    30       30      C      -12.1254   29.4899   21.7352
  QMMM:    31       31      C      -15.1758   27.4297   21.6053
  QMMM:    32       32      C      -15.7160   27.4185   20.3137
  QMMM:    33       33      N      -17.4462   28.0319   18.0127
  QMMM:    34       34      N      -16.8973   29.3131   13.8038
  QMMM:    35       35      C      -17.0300   29.2957   12.4726
  QMMM:    36       36      C      -17.2294   28.6589    8.2080
  QMMM:    37       37      C      -16.1336   27.8735    7.4607
  QMMM:    38       38      H      -13.5081   25.6755    8.3617
  QMMM:    39       39      H      -13.1142   25.2480    6.6464
  QMMM:    40       40      H      -13.4441   26.9705    7.0980
  QMMM:    41       41      H      -15.3770   25.8924    5.8873
  QMMM:    42       42      H      -15.4406   24.5887    7.1561
  QMMM:    43       43      H      -16.4396   25.0453    9.2598
  QMMM:    44       44      H      -15.2272   26.3533    9.6365
  QMMM:    45       45      H      -18.3217   26.4879    9.6181
  QMMM:    46       46      H      -17.1604   26.7728   10.9955
  QMMM:    47       47      H      -18.2569   30.1691    9.9918
  QMMM:    48       48      H      -19.3549   28.7156    9.9905
  QMMM:    49       49      H      -20.3547   28.6051   12.1060
  QMMM:    50       50      H      -20.1687   28.6454   14.5965
  QMMM:    51       51      H      -17.1611   29.7862   16.2895
  QMMM:    52       52      H      -19.5559   25.0641   16.6853
  QMMM:    53       53      H      -18.8555   26.2747   21.1189
  QMMM:    54       54      H      -13.0204   27.4230   25.4285
  QMMM:    55       55      H      -11.8781   27.4365   24.0150
  QMMM:    56       56      H      -12.7043   28.9750   24.5367
  QMMM:    57       57      H      -13.2332   28.3923   20.2462
  QMMM:    58       58      H      -11.2289   26.8851   22.0886
  QMMM:    59       59      H      -12.1802   26.1620   20.7260
  QMMM:    60       60      H      -10.9631   27.4655   20.3924
  QMMM:    61       61      H      -11.5350   29.3291   22.6683
  QMMM:    62       62      H      -11.4297   29.8294   20.9301
  QMMM:    63       63      H      -12.8775   30.2939   21.9190
  QMMM:    64       64      H      -15.1236   27.7347   19.4437
  QMMM:    65       65      H      -16.1023   29.4841   11.8990
  QMMM:    66       66      H      -18.2231   28.4548    7.7122
  QMMM:    67       67      H      -17.0033   29.7557    8.0923
  QMMM:    68       68      H      -16.2898   28.0326    6.3573
  QMMM:    69       69      H      -15.1294   28.3104    7.7355

           --------- Calculation Completed ----------

