AutoDock Vina 52ec525-mod
#################################################################
# If you used AutoDock Vina in your work, please cite:          #
#                                                               #
# J. Eberhardt, D. Santos-Martins, A. F. Tillack, and S. Forli  #
# AutoDock Vina 1.2.0: New Docking Methods, Expanded Force      #
# Field, and Python Bindings, J. Chem. Inf. Model. (2021)       #
# DOI 10.1021/acs.jcim.1c00203                                  #
#                                                               #
# O. Trott, A. J. Olson,                                        #
# AutoDock Vina: improving the speed and accuracy of docking    #
# with a new scoring function, efficient optimization and       #
# multithreading, J. Comp. Chem. (2010)                         #
# DOI 10.1002/jcc.21334                                         #
#                                                               #
# Please see https://github.com/ccsb-scripps/AutoDock-Vina for  #
# more information.                                             #
#################################################################

Scoring function : vina
Rigid receptor: /app/6TAV.pdbqt
Ligand: /app/Afatinib_DIs38Xm.pdbqt
Grid center: X 63.533 Y 113.291 Z 65.964
Grid size  : X 40.371 Y 36.745 Z 48.39
Grid space : 0.375
Exhaustiveness: 8
CPU: 4
Verbosity: 2

WARNING: Search space volume is greater than 27000 Angstrom^3 (See FAQ)
Computing Vina grid ... done.
Performing docking (random seed: 1367858384) ... 
0%   10   20   30   40   50   60   70   80   90   100%
|----|----|----|----|----|----|----|----|----|----|
***************************************************
done.
ENERGY FROM SEARCH: -11.4262
FINAL ENERGY: 
Estimated Free Energy of Binding   : -6.582 (kcal/mol) [=(1)+(2)+(3)-(4)]
(1) Final Intermolecular Energy    : -10.045 (kcal/mol)
    Ligand - Receptor              : -10.045 (kcal/mol)
    Ligand - Flex side chains      : 0.000 (kcal/mol)
(2) Final Total Internal Energy    : -1.381 (kcal/mol)
    Ligand                         : -1.381 (kcal/mol)
    Flex   - Receptor              : 0.000 (kcal/mol)
    Flex   - Flex side chains      : 0.000 (kcal/mol)
(3) Torsional Free Energy          : 3.463 (kcal/mol)
(4) Unbound System's Energy        : -1.381 (kcal/mol)
ENERGY FROM SEARCH: -11.320
FINAL ENERGY: 
Estimated Free Energy of Binding   : -6.512 (kcal/mol) [=(1)+(2)+(3)-(4)]
(1) Final Intermolecular Energy    : -9.082 (kcal/mol)
    Ligand - Receptor              : -9.082 (kcal/mol)
    Ligand - Flex side chains      : 0.000 (kcal/mol)
(2) Final Total Internal Energy    : -2.238 (kcal/mol)
    Ligand                         : -2.238 (kcal/mol)
    Flex   - Receptor              : 0.000 (kcal/mol)
    Flex   - Flex side chains      : 0.000 (kcal/mol)
(3) Torsional Free Energy          : 3.426 (kcal/mol)
(4) Unbound System's Energy        : -1.381 (kcal/mol)
ENERGY FROM SEARCH: -11.199
FINAL ENERGY: 
Estimated Free Energy of Binding   : -6.433 (kcal/mol) [=(1)+(2)+(3)-(4)]
(1) Final Intermolecular Energy    : -9.665 (kcal/mol)
    Ligand - Receptor              : -9.665 (kcal/mol)
    Ligand - Flex side chains      : 0.000 (kcal/mol)
(2) Final Total Internal Energy    : -1.535 (kcal/mol)
    Ligand                         : -1.535 (kcal/mol)
    Flex   - Receptor              : 0.000 (kcal/mol)
    Flex   - Flex side chains      : 0.000 (kcal/mol)
(3) Torsional Free Energy          : 3.385 (kcal/mol)
(4) Unbound System's Energy        : -1.381 (kcal/mol)
ENERGY FROM SEARCH: -11.026
FINAL ENERGY: 
Estimated Free Energy of Binding   : -6.319 (kcal/mol) [=(1)+(2)+(3)-(4)]
(1) Final Intermolecular Energy    : -9.427 (kcal/mol)
    Ligand - Receptor              : -9.427 (kcal/mol)
    Ligand - Flex side chains      : 0.000 (kcal/mol)
(2) Final Total Internal Energy    : -1.599 (kcal/mol)
    Ligand                         : -1.599 (kcal/mol)
    Flex   - Receptor              : 0.000 (kcal/mol)
    Flex   - Flex side chains      : 0.000 (kcal/mol)
(3) Torsional Free Energy          : 3.325 (kcal/mol)
(4) Unbound System's Energy        : -1.381 (kcal/mol)
ENERGY FROM SEARCH: -10.928
FINAL ENERGY: 
Estimated Free Energy of Binding   : -6.255 (kcal/mol) [=(1)+(2)+(3)-(4)]
(1) Final Intermolecular Energy    : -9.357 (kcal/mol)
    Ligand - Receptor              : -9.357 (kcal/mol)
    Ligand - Flex side chains      : 0.000 (kcal/mol)
(2) Final Total Internal Energy    : -1.571 (kcal/mol)
    Ligand                         : -1.571 (kcal/mol)
    Flex   - Receptor              : 0.000 (kcal/mol)
    Flex   - Flex side chains      : 0.000 (kcal/mol)
(3) Torsional Free Energy          : 3.291 (kcal/mol)
(4) Unbound System's Energy        : -1.381 (kcal/mol)
ENERGY FROM SEARCH: -10.816
FINAL ENERGY: 
Estimated Free Energy of Binding   : -6.182 (kcal/mol) [=(1)+(2)+(3)-(4)]
(1) Final Intermolecular Energy    : -9.168 (kcal/mol)
    Ligand - Receptor              : -9.168 (kcal/mol)
    Ligand - Flex side chains      : 0.000 (kcal/mol)
(2) Final Total Internal Energy    : -1.648 (kcal/mol)
    Ligand                         : -1.648 (kcal/mol)
    Flex   - Receptor              : 0.000 (kcal/mol)
    Flex   - Flex side chains      : 0.000 (kcal/mol)
(3) Torsional Free Energy          : 3.253 (kcal/mol)
(4) Unbound System's Energy        : -1.381 (kcal/mol)
ENERGY FROM SEARCH: -10.781
FINAL ENERGY: 
Estimated Free Energy of Binding   : -6.159 (kcal/mol) [=(1)+(2)+(3)-(4)]
(1) Final Intermolecular Energy    : -9.028 (kcal/mol)
    Ligand - Receptor              : -9.028 (kcal/mol)
    Ligand - Flex side chains      : 0.000 (kcal/mol)
(2) Final Total Internal Energy    : -1.753 (kcal/mol)
    Ligand                         : -1.753 (kcal/mol)
    Flex   - Receptor              : 0.000 (kcal/mol)
    Flex   - Flex side chains      : 0.000 (kcal/mol)
(3) Torsional Free Energy          : 3.241 (kcal/mol)
(4) Unbound System's Energy        : -1.381 (kcal/mol)
ENERGY FROM SEARCH: -10.508
FINAL ENERGY: 
Estimated Free Energy of Binding   : -5.980 (kcal/mol) [=(1)+(2)+(3)-(4)]
(1) Final Intermolecular Energy    : -8.842 (kcal/mol)
    Ligand - Receptor              : -8.842 (kcal/mol)
    Ligand - Flex side chains      : 0.000 (kcal/mol)
(2) Final Total Internal Energy    : -1.666 (kcal/mol)
    Ligand                         : -1.666 (kcal/mol)
    Flex   - Receptor              : 0.000 (kcal/mol)
    Flex   - Flex side chains      : 0.000 (kcal/mol)
(3) Torsional Free Energy          : 3.147 (kcal/mol)
(4) Unbound System's Energy        : -1.381 (kcal/mol)
ENERGY FROM SEARCH: -10.444
FINAL ENERGY: 
Estimated Free Energy of Binding   : -5.938 (kcal/mol) [=(1)+(2)+(3)-(4)]
(1) Final Intermolecular Energy    : -8.756 (kcal/mol)
    Ligand - Receptor              : -8.756 (kcal/mol)
    Ligand - Flex side chains      : 0.000 (kcal/mol)
(2) Final Total Internal Energy    : -1.687 (kcal/mol)
    Ligand                         : -1.687 (kcal/mol)
    Flex   - Receptor              : 0.000 (kcal/mol)
    Flex   - Flex side chains      : 0.000 (kcal/mol)
(3) Torsional Free Energy          : 3.124 (kcal/mol)
(4) Unbound System's Energy        : -1.381 (kcal/mol)

mode |   affinity | dist from best mode
     | (kcal/mol) | rmsd l.b.| rmsd u.b.
-----+------------+----------+----------
   1      -6.5819     0.0000     0.0000
   2      -6.5121    33.9308    36.3463
   3      -6.4332    14.2531    17.3919
   4      -6.3194    32.4012    35.8233
   5      -6.2553     3.8120     7.9516
   6      -6.1823    29.6031    32.4827
   7      -6.1592    13.9079    16.8763
   8      -5.9804     8.5345    12.7042
   9      -5.9380     3.8357     7.9017
